{
  "version": "1.5.0",
  "plugins_used": [
    {
      "name": "ArtifactoryDetector"
    },
    {
      "name": "AWSKeyDetector"
    },
    {
      "name": "AzureStorageKeyDetector"
    },
    {
      "name": "Base64HighEntropyString",
      "limit": 4.5
    },
    {
      "name": "BasicAuthDetector"
    },
    {
      "name": "CloudantDetector"
    },
    {
      "name": "DiscordBotTokenDetector"
    },
    {
      "name": "GitHubTokenDetector"
    },
    {
      "name": "GitLabTokenDetector"
    },
    {
      "name": "HexHighEntropyString",
      "limit": 3.0
    },
    {
      "name": "IbmCloudIamDetector"
    },
    {
      "name": "IbmCosHmacDetector"
    },
    {
      "name": "IPPublicDetector"
    },
    {
      "name": "JwtTokenDetector"
    },
    {
      "name": "KeywordDetector",
      "keyword_exclude": ""
    },
    {
      "name": "MailchimpDetector"
    },
    {
      "name": "NpmDetector"
    },
    {
      "name": "OpenAIDetector"
    },
    {
      "name": "PrivateKeyDetector"
    },
    {
      "name": "PypiTokenDetector"
    },
    {
      "name": "SendGridDetector"
    },
    {
      "name": "SlackDetector"
    },
    {
      "name": "SoftlayerDetector"
    },
    {
      "name": "SquareOAuthDetector"
    },
    {
      "name": "StripeDetector"
    },
    {
      "name": "TelegramBotTokenDetector"
    },
    {
      "name": "TwilioKeyDetector"
    }
  ],
  "filters_used": [
    {
      "path": "detect_secrets.filters.allowlist.is_line_allowlisted"
    },
    {
      "path": "detect_secrets.filters.common.is_baseline_file",
      "filename": ".secrets.baseline"
    },
    {
      "path": "detect_secrets.filters.common.is_ignored_due_to_verification_policies",
      "min_level": 2
    },
    {
      "path": "detect_secrets.filters.heuristic.is_indirect_reference"
    },
    {
      "path": "detect_secrets.filters.heuristic.is_likely_id_string"
    },
    {
      "path": "detect_secrets.filters.heuristic.is_lock_file"
    },
    {
      "path": "detect_secrets.filters.heuristic.is_not_alphanumeric_string"
    },
    {
      "path": "detect_secrets.filters.heuristic.is_potential_uuid"
    },
    {
      "path": "detect_secrets.filters.heuristic.is_prefixed_with_dollar_sign"
    },
    {
      "path": "detect_secrets.filters.heuristic.is_sequential_string"
    },
    {
      "path": "detect_secrets.filters.heuristic.is_swagger_file"
    },
    {
      "path": "detect_secrets.filters.heuristic.is_templated_secret"
    }
  ],
  "results": {
    "scripts/validate_security_utils.py": [
      {
        "type": "Secret Keyword",
        "filename": "scripts/validate_security_utils.py",
        "hashed_secret": "59db85718c97565baccfdc97399b359640ad2eff",
        "is_verified": false,
        "line_number": 86
      },
      {
        "type": "Basic Auth Credentials",
        "filename": "scripts/validate_security_utils.py",
        "hashed_secret": "9d4e1e23bd5b727046a9e3b4b7db57bd8d6ee684",
        "is_verified": false,
        "line_number": 87
      },
      {
        "type": "GitHub Token",
        "filename": "scripts/validate_security_utils.py",
        "hashed_secret": "e175c6f5f2a92e8623bd9a4820edb4e8c1b0fd10",
        "is_verified": false,
        "line_number": 108
      },
      {
        "type": "Base64 High Entropy String",
        "filename": "scripts/validate_security_utils.py",
        "hashed_secret": "ff710f15aabf3e96e11af9b0bfc454eb30a5031d",
        "is_verified": false,
        "line_number": 110
      },
      {
        "type": "Secret Keyword",
        "filename": "scripts/validate_security_utils.py",
        "hashed_secret": "8107759ababcbfa34bcb02bc4309caf6354982ab",
        "is_verified": false,
        "line_number": 145
      },
      {
        "type": "Secret Keyword",
        "filename": "scripts/validate_security_utils.py",
        "hashed_secret": "43f7aa390f1a0265fc2de7010133951c0718a67e",
        "is_verified": false,
        "line_number": 146
      },
      {
        "type": "Secret Keyword",
        "filename": "scripts/validate_security_utils.py",
        "hashed_secret": "94ca33031e37aa3f3b67e5b921c729f08a6bba75",
        "is_verified": false,
        "line_number": 147
      },
      {
        "type": "Secret Keyword",
        "filename": "scripts/validate_security_utils.py",
        "hashed_secret": "abe3d95b9ac7903c3a2d442c1e25bfdf740926e0",
        "is_verified": false,
        "line_number": 148
      }
    ],
    "tests/repro/test_seed_consistency.py": [
      {
        "type": "Hex High Entropy String",
        "filename": "tests/repro/test_seed_consistency.py",
        "hashed_secret": "90bd1b48e958257948487b90bee080ba5ed00caa",
        "is_verified": false,
        "line_number": 61
      }
    ],
    "tests/retrieval/test_factory.py": [
      {
        "type": "Secret Keyword",
        "filename": "tests/retrieval/test_factory.py",
        "hashed_secret": "00942f4668670f34c5943cf52c7ef3139fe2b8d6",
        "is_verified": false,
        "line_number": 135
      }
    ],
    "tests/safety/test_filters_edge_cases_phase26.py": [
      {
        "type": "Secret Keyword",
        "filename": "tests/safety/test_filters_edge_cases_phase26.py",
        "hashed_secret": "6367c48dd193d56ea7b0baad25b19455e529f5ee",
        "is_verified": false,
        "line_number": 74
      }
    ],
    "tests/safety/test_sanitizers_comprehensive.py": [
      {
        "type": "Base64 High Entropy String",
        "filename": "tests/safety/test_sanitizers_comprehensive.py",
        "hashed_secret": "d20fa2816a71bbc061c89ed09a0cc99857963635",
        "is_verified": false,
        "line_number": 43
      },
      {
        "type": "AWS Access Key",
        "filename": "tests/safety/test_sanitizers_comprehensive.py",
        "hashed_secret": "25910f981e85ca04baf359199dd0bd4a3ae738b6",
        "is_verified": false,
        "line_number": 50
      },
      {
        "type": "Base64 High Entropy String",
        "filename": "tests/safety/test_sanitizers_comprehensive.py",
        "hashed_secret": "1f998e14fd8e558953ca619052b4ba6208249533",
        "is_verified": false,
        "line_number": 58
      },
      {
        "type": "Private Key",
        "filename": "tests/safety/test_sanitizers_comprehensive.py",
        "hashed_secret": "be4fc4886bd949b369d5e092eb87494f12e57e5b",
        "is_verified": false,
        "line_number": 69
      },
      {
        "type": "Private Key",
        "filename": "tests/safety/test_sanitizers_comprehensive.py",
        "hashed_secret": "f0778f3e140a61d5bbbed5430773e52af2f5fba4",
        "is_verified": false,
        "line_number": 70
      },
      {
        "type": "Private Key",
        "filename": "tests/safety/test_sanitizers_comprehensive.py",
        "hashed_secret": "daefe0b4345a654580dcad25c7c11ff4c944a8c0",
        "is_verified": false,
        "line_number": 71
      },
      {
        "type": "Secret Keyword",
        "filename": "tests/safety/test_sanitizers_comprehensive.py",
        "hashed_secret": "1bdb819b553a3ebcdf42833ea0e5c05b8dac455c",
        "is_verified": false,
        "line_number": 93
      },
      {
        "type": "Base64 High Entropy String",
        "filename": "tests/safety/test_sanitizers_comprehensive.py",
        "hashed_secret": "6db9cf2c76b98516dc2d1f8ddf2680260b729daa",
        "is_verified": false,
        "line_number": 126
      }
    ],
    "tests/scripts/mcp/test_flatten_files_phase9_2.py": [
      {
        "type": "Hex High Entropy String",
        "filename": "tests/scripts/mcp/test_flatten_files_phase9_2.py",
        "hashed_secret": "87e37242588d50eeb3e08f1dac027b851090fff7",
        "is_verified": false,
        "line_number": 94
      },
      {
        "type": "Hex High Entropy String",
        "filename": "tests/scripts/mcp/test_flatten_files_phase9_2.py",
        "hashed_secret": "244f421f896bdcdd2784dccf4eaf7c8dfd5189b5",
        "is_verified": false,
        "line_number": 106
      }
    ],
    "tests/security/test_get_token_scopes.py": [
      {
        "type": "Secret Keyword",
        "filename": "tests/security/test_get_token_scopes.py",
        "hashed_secret": "1fa97bb846e8ca6e87367d642f5e4c74ffde5ad9",
        "is_verified": false,
        "line_number": 28
      }
    ],
    "tests/security/test_pii_filter.py": [
      {
        "type": "AWS Access Key",
        "filename": "tests/security/test_pii_filter.py",
        "hashed_secret": "abac545fc3bf803134bc8f78fb6160a5c6a87b26",
        "is_verified": false,
        "line_number": 29
      },
      {
        "type": "Hex High Entropy String",
        "filename": "tests/security/test_pii_filter.py",
        "hashed_secret": "5265ac9abb0b4d5679741b9190a5d7b722679040",
        "is_verified": false,
        "line_number": 33
      }
    ],
    "tests/security/test_secret_context_correlate.py": [
      {
        "type": "Secret Keyword",
        "filename": "tests/security/test_secret_context_correlate.py",
        "hashed_secret": "ce7501007f04a6529e650f1f1b3fc0586d1d94eb",
        "is_verified": false,
        "line_number": 88
      }
    ],
    "tests/security/test_secret_entropy_scan.py": [
      {
        "type": "Base64 High Entropy String",
        "filename": "tests/security/test_secret_entropy_scan.py",
        "hashed_secret": "a521d2d516ad0b4e73754dcd5ab68c4e56ae31ef",
        "is_verified": false,
        "line_number": 23
      },
      {
        "type": "AWS Access Key",
        "filename": "tests/security/test_secret_entropy_scan.py",
        "hashed_secret": "abac545fc3bf803134bc8f78fb6160a5c6a87b26",
        "is_verified": false,
        "line_number": 23
      }
    ],
    "tests/security/test_security_phase9_1.py": [
      {
        "type": "Secret Keyword",
        "filename": "tests/security/test_security_phase9_1.py",
        "hashed_secret": "f2b14f68eb995facb3a1c35287b778d5bd785511",
        "is_verified": false,
        "line_number": 145
      },
      {
        "type": "Hex High Entropy String",
        "filename": "tests/security/test_security_phase9_1.py",
        "hashed_secret": "90bd1b48e958257948487b90bee080ba5ed00caa",
        "is_verified": false,
        "line_number": 159
      },
      {
        "type": "Secret Keyword",
        "filename": "tests/security/test_security_phase9_1.py",
        "hashed_secret": "1cf4c502ddd89b918c4bfefea76dadd590693b48",
        "is_verified": false,
        "line_number": 201
      },
      {
        "type": "Secret Keyword",
        "filename": "tests/security/test_security_phase9_1.py",
        "hashed_secret": "c9c08f1f57edc0549603991fd91d6a291e79c231",
        "is_verified": false,
        "line_number": 225
      }
    ],
    "tests/security/test_security_severity.py": [
      {
        "type": "AWS Access Key",
        "filename": "tests/security/test_security_severity.py",
        "hashed_secret": "abac545fc3bf803134bc8f78fb6160a5c6a87b26",
        "is_verified": false,
        "line_number": 22
      }
    ],
    "tests/security/test_security_utils.py": [
      {
        "type": "GitHub Token",
        "filename": "tests/security/test_security_utils.py",
        "hashed_secret": "e175c6f5f2a92e8623bd9a4820edb4e8c1b0fd10",
        "is_verified": false,
        "line_number": 71
      },
      {
        "type": "GitHub Token",
        "filename": "tests/security/test_security_utils.py",
        "hashed_secret": "ba29d6bfac4cd7b866a3d05103c38031a921ba88",
        "is_verified": false,
        "line_number": 78
      },
      {
        "type": "Secret Keyword",
        "filename": "tests/security/test_security_utils.py",
        "hashed_secret": "8107759ababcbfa34bcb02bc4309caf6354982ab",
        "is_verified": false,
        "line_number": 120
      },
      {
        "type": "Secret Keyword",
        "filename": "tests/security/test_security_utils.py",
        "hashed_secret": "43f7aa390f1a0265fc2de7010133951c0718a67e",
        "is_verified": false,
        "line_number": 125
      }
    ],
    "tests/security/test_validators.py": [
      {
        "type": "JSON Web Token",
        "filename": "tests/security/test_validators.py",
        "hashed_secret": "759ea996d3686cbca80b6d412c3cee3faf60c272",
        "is_verified": false,
        "line_number": 158
      },
      {
        "type": "Secret Keyword",
        "filename": "tests/security/test_validators.py",
        "hashed_secret": "00942f4668670f34c5943cf52c7ef3139fe2b8d6",
        "is_verified": false,
        "line_number": 203
      },
      {
        "type": "Secret Keyword",
        "filename": "tests/security/test_validators.py",
        "hashed_secret": "ed65c049bb2f78ee4f703b2158ba9cc6ea31fb7e",
        "is_verified": false,
        "line_number": 219
      }
    ],
    "tests/server/test_webhook_endpoint.py": [
      {
        "type": "Secret Keyword",
        "filename": "tests/server/test_webhook_endpoint.py",
        "hashed_secret": "f390ae53149728c376c9a2620334918af8b29aa6",
        "is_verified": false,
        "line_number": 24
      }
    ],
    "tests/serving/test_inference_security.py": [
      {
        "type": "Secret Keyword",
        "filename": "tests/serving/test_inference_security.py",
        "hashed_secret": "007dbdaefefca05006d9af63cafbf9f79f8468a2",
        "is_verified": false,
        "line_number": 21
      },
      {
        "type": "Secret Keyword",
        "filename": "tests/serving/test_inference_security.py",
        "hashed_secret": "d4e0e04792fd434b5dc9c4155c178f66edcf4ed3",
        "is_verified": false,
        "line_number": 32
      },
      {
        "type": "JSON Web Token",
        "filename": "tests/serving/test_inference_security.py",
        "hashed_secret": "810ebd3182c0a8658b54b456e9425db64fe0fd2a",
        "is_verified": false,
        "line_number": 45
      },
      {
        "type": "JSON Web Token",
        "filename": "tests/serving/test_inference_security.py",
        "hashed_secret": "27831d5995f2d90afeb4d392f9c29caed212bf4f",
        "is_verified": false,
        "line_number": 59
      }
    ],
    "tests/space_traversal/test_webhooks.py": [
      {
        "type": "Secret Keyword",
        "filename": "tests/space_traversal/test_webhooks.py",
        "hashed_secret": "fe1bae27cb7c1fb823f496f286e78f1d2ae87734",
        "is_verified": false,
        "line_number": 101
      }
    ],
    "tests/test_accountability_autoupdate.py": [
      {
        "type": "Hex High Entropy String",
        "filename": "tests/test_accountability_autoupdate.py",
        "hashed_secret": "84331946e55ba6fb22e85447668cc6f14a63dbd0",
        "is_verified": false,
        "line_number": 147
      },
      {
        "type": "Hex High Entropy String",
        "filename": "tests/test_accountability_autoupdate.py",
        "hashed_secret": "0151620b927a79f7658d3efc4572e3566a92546d",
        "is_verified": false,
        "line_number": 169
      },
      {
        "type": "Hex High Entropy String",
        "filename": "tests/test_accountability_autoupdate.py",
        "hashed_secret": "e4f91dd323bac5bfc4f60a6e433787671dc2421d",
        "is_verified": false,
        "line_number": 478
      }
    ],
    "tests/test_api_infer_masking.py": [
      {
        "type": "AWS Access Key",
        "filename": "tests/test_api_infer_masking.py",
        "hashed_secret": "abac545fc3bf803134bc8f78fb6160a5c6a87b26",
        "is_verified": false,
        "line_number": 36
      },
      {
        "type": "AWS Access Key",
        "filename": "tests/test_api_infer_masking.py",
        "hashed_secret": "4938d09e5662bb6d5e7181e0621e5e1c8caf8762",
        "is_verified": false,
        "line_number": 37
      },
      {
        "type": "Base64 High Entropy String",
        "filename": "tests/test_api_infer_masking.py",
        "hashed_secret": "b44f02039b19094d22dd26acaa9c35b595ea6f1d",
        "is_verified": false,
        "line_number": 39
      },
      {
        "type": "Secret Keyword",
        "filename": "tests/test_api_infer_masking.py",
        "hashed_secret": "2648efb0915830e3738a55db32eba7eed6ae7fd3",
        "is_verified": false,
        "line_number": 57
      }
    ],
    "tests/test_git_tag.py": [
      {
        "type": "Hex High Entropy String",
        "filename": "tests/test_git_tag.py",
        "hashed_secret": "90bd1b48e958257948487b90bee080ba5ed00caa",
        "is_verified": false,
        "line_number": 45
      }
    ],
    "tests/test_github_logs.py": [
      {
        "type": "Hex High Entropy String",
        "filename": "tests/test_github_logs.py",
        "hashed_secret": "e18173cff172a723720f93540987d59be52a6e9b",
        "is_verified": false,
        "line_number": 26
      }
    ],
    "tests/test_metadata_calculation.py": [
      {
        "type": "Hex High Entropy String",
        "filename": "tests/test_metadata_calculation.py",
        "hashed_secret": "244f421f896bdcdd2784dccf4eaf7c8dfd5189b5",
        "is_verified": false,
        "line_number": 144
      },
      {
        "type": "Hex High Entropy String",
        "filename": "tests/test_metadata_calculation.py",
        "hashed_secret": "8553e1a9872da71df92b8835c269dc80f92e20fd",
        "is_verified": false,
        "line_number": 151
      },
      {
        "type": "Hex High Entropy String",
        "filename": "tests/test_metadata_calculation.py",
        "hashed_secret": "688c98c8a9918bcb791ce01c611b617b5fa519a9",
        "is_verified": false,
        "line_number": 154
      }
    ],
    "tests/test_rag_error_handling.py": [
      {
        "type": "Secret Keyword",
        "filename": "tests/test_rag_error_handling.py",
        "hashed_secret": "3acfb2c2b433c0ea7ff107e33df91b18e52f960f",
        "is_verified": false,
        "line_number": 277
      }
    ],
    "tests/test_security_utils.py": [
      {
        "type": "Secret Keyword",
        "filename": "tests/test_security_utils.py",
        "hashed_secret": "59db85718c97565baccfdc97399b359640ad2eff",
        "is_verified": false,
        "line_number": 92
      },
      {
        "type": "Basic Auth Credentials",
        "filename": "tests/test_security_utils.py",
        "hashed_secret": "9d4e1e23bd5b727046a9e3b4b7db57bd8d6ee684",
        "is_verified": false,
        "line_number": 93
      },
      {
        "type": "Secret Keyword",
        "filename": "tests/test_security_utils.py",
        "hashed_secret": "8107759ababcbfa34bcb02bc4309caf6354982ab",
        "is_verified": false,
        "line_number": 118
      },
      {
        "type": "Secret Keyword",
        "filename": "tests/test_security_utils.py",
        "hashed_secret": "43f7aa390f1a0265fc2de7010133951c0718a67e",
        "is_verified": false,
        "line_number": 119
      },
      {
        "type": "Secret Keyword",
        "filename": "tests/test_security_utils.py",
        "hashed_secret": "94ca33031e37aa3f3b67e5b921c729f08a6bba75",
        "is_verified": false,
        "line_number": 120
      },
      {
        "type": "Secret Keyword",
        "filename": "tests/test_security_utils.py",
        "hashed_secret": "abe3d95b9ac7903c3a2d442c1e25bfdf740926e0",
        "is_verified": false,
        "line_number": 121
      },
      {
        "type": "Secret Keyword",
        "filename": "tests/test_security_utils.py",
        "hashed_secret": "fedff2a2d3db7e4fb7c050e89496a33aac9f4a79",
        "is_verified": false,
        "line_number": 122
      },
      {
        "type": "GitHub Token",
        "filename": "tests/test_security_utils.py",
        "hashed_secret": "e175c6f5f2a92e8623bd9a4820edb4e8c1b0fd10",
        "is_verified": false,
        "line_number": 133
      },
      {
        "type": "Base64 High Entropy String",
        "filename": "tests/test_security_utils.py",
        "hashed_secret": "ff710f15aabf3e96e11af9b0bfc454eb30a5031d",
        "is_verified": false,
        "line_number": 135
      },
      {
        "type": "Base64 High Entropy String",
        "filename": "tests/test_security_utils.py",
        "hashed_secret": "e1528ab28b5ab47ea514f383a9894649d9711c11",
        "is_verified": false,
        "line_number": 142
      },
      {
        "type": "JSON Web Token",
        "filename": "tests/test_security_utils.py",
        "hashed_secret": "34c659f4df06118f5bc39edc355b4542851ad3f6",
        "is_verified": false,
        "line_number": 147
      },
      {
        "type": "Hex High Entropy String",
        "filename": "tests/test_security_utils.py",
        "hashed_secret": "90bd1b48e958257948487b90bee080ba5ed00caa",
        "is_verified": false,
        "line_number": 208
      },
      {
        "type": "Secret Keyword",
        "filename": "tests/test_security_utils.py",
        "hashed_secret": "50219043d1e325b1f8351fefacfa835edd57bd9e",
        "is_verified": false,
        "line_number": 209
      }
    ],
    "tests/test_session_logger_error.py": [
      {
        "type": "Secret Keyword",
        "filename": "tests/test_session_logger_error.py",
        "hashed_secret": "ee977806d7286510da8b9a7492ba58e2484c0ecc",
        "is_verified": false,
        "line_number": 17
      }
    ],
    "tests/tools/test_codex_security_tools.py": [
      {
        "type": "AWS Access Key",
        "filename": "tests/tools/test_codex_security_tools.py",
        "hashed_secret": "4b721996a3191083df8be05fbbc888acc9b726dd",
        "is_verified": false,
        "line_number": 18
      }
    ],
    "tests/unit/test_cli_prompt_sanitisation.py": [
      {
        "type": "AWS Access Key",
        "filename": "tests/unit/test_cli_prompt_sanitisation.py",
        "hashed_secret": "1546580bd47bb900ac2e0a57b35264560e880b22",
        "is_verified": false,
        "line_number": 38
      },
      {
        "type": "AWS Access Key",
        "filename": "tests/unit/test_cli_prompt_sanitisation.py",
        "hashed_secret": "cb1d9a2e5c05d12c3db483591fa17cdccc04a58d",
        "is_verified": false,
        "line_number": 78
      }
    ],
    "tests/unit/test_pii_scrubber_comprehensive.py": [
      {
        "type": "AWS Access Key",
        "filename": "tests/unit/test_pii_scrubber_comprehensive.py",
        "hashed_secret": "25910f981e85ca04baf359199dd0bd4a3ae738b6",
        "is_verified": false,
        "line_number": 174
      }
    ],
    "tests/utils/test_hash_utils.py": [
      {
        "type": "Hex High Entropy String",
        "filename": "tests/utils/test_hash_utils.py",
        "hashed_secret": "244f421f896bdcdd2784dccf4eaf7c8dfd5189b5",
        "is_verified": false,
        "line_number": 47
      }
    ],
    "tests/utils/test_modeling.py": [
      {
        "type": "Hex High Entropy String",
        "filename": "tests/utils/test_modeling.py",
        "hashed_secret": "ff998abc1ce6d8f01a675fa197368e44c8916e9c",
        "is_verified": false,
        "line_number": 79
      }
    ],
    "CODEX_MANIFEST.json": [
      {
        "type": "Hex High Entropy String",
        "filename": "CODEX_MANIFEST.json",
        "hashed_secret": "bca360841f83c63b2b0283179b2be195a9341894",
        "is_verified": false,
        "line_number": 1369
      }
    ],
    ".codex/agent_context.json": [
      {
        "type": "Hex High Entropy String",
        "filename": ".codex/agent_context.json",
        "hashed_secret": "5c7ad3a7f24da73f7c4011c35e32831244ee2e65",
        "is_verified": false,
        "line_number": 14
      }
    ]
  },
  "generated_at": "2026-10-01T02:39:40Z"
}
