{
  "version": "1.5.0",
  "plugins_used": [
    {
      "name": "ArtifactoryDetector"
    },
    {
      "name": "AWSKeyDetector"
    },
    {
      "name": "AzureStorageKeyDetector"
    },
    {
      "name": "Base64HighEntropyString",
      "limit": 4.5
    },
    {
      "name": "BasicAuthDetector"
    },
    {
      "name": "CloudantDetector"
    },
    {
      "name": "DiscordBotTokenDetector"
    },
    {
      "name": "GitHubTokenDetector"
    },
    {
      "name": "HexHighEntropyString",
      "limit": 3.0
    },
    {
      "name": "IbmCloudIamDetector"
    },
    {
      "name": "IbmCosHmacDetector"
    },
    {
      "name": "JwtTokenDetector"
    },
    {
      "name": "KeywordDetector",
      "keyword_exclude": ""
    },
    {
      "name": "MailchimpDetector"
    },
    {
      "name": "NpmDetector"
    },
    {
      "name": "PrivateKeyDetector"
    },
    {
      "name": "SendGridDetector"
    },
    {
      "name": "SlackDetector"
    },
    {
      "name": "SoftlayerDetector"
    },
    {
      "name": "SquareOAuthDetector"
    },
    {
      "name": "StripeDetector"
    },
    {
      "name": "TwilioKeyDetector"
    }
  ],
  "filters_used": [
    {
      "path": "detect_secrets.filters.allowlist.is_line_allowlisted"
    },
    {
      "path": "detect_secrets.filters.common.is_baseline_file",
      "filename": ".secrets.baseline"
    },
    {
      "path": "detect_secrets.filters.common.is_ignored_due_to_verification_policies",
      "min_level": 2
    },
    {
      "path": "detect_secrets.filters.heuristic.is_indirect_reference"
    },
    {
      "path": "detect_secrets.filters.heuristic.is_likely_id_string"
    },
    {
      "path": "detect_secrets.filters.heuristic.is_lock_file"
    },
    {
      "path": "detect_secrets.filters.heuristic.is_not_alphanumeric_string"
    },
    {
      "path": "detect_secrets.filters.heuristic.is_potential_uuid"
    },
    {
      "path": "detect_secrets.filters.heuristic.is_prefixed_with_dollar_sign"
    },
    {
      "path": "detect_secrets.filters.heuristic.is_sequential_string"
    },
    {
      "path": "detect_secrets.filters.heuristic.is_swagger_file"
    },
    {
      "path": "detect_secrets.filters.heuristic.is_templated_secret"
    }
  ],
  "results": {
    ".codex/webhook_config.json": [
      {
        "type": "Secret Keyword",
        "filename": ".codex/webhook_config.json",
        "hashed_secret": "6d9be7ff6a1c055b3efea73d1d1993b1d463962c",
        "is_verified": false,
        "line_number": 7,
        "is_secret": false
      },
      {
        "type": "Secret Keyword",
        "filename": ".codex/webhook_config.json",
        "hashed_secret": "a5751637dc5a704218568d2a8755a3be49f4a100",
        "is_verified": false,
        "line_number": 85,
        "is_secret": false
      }
    ],
    "CODEX_MANIFEST.json": [
      {
        "type": "Hex High Entropy String",
        "filename": "CODEX_MANIFEST.json",
        "hashed_secret": "cc6c0ad1854a40fa7ca20e53f65cf01488b280a0",
        "is_verified": false,
        "line_number": 2114
      }
    ],
    ".codex/agent_context.json": [
      {
        "type": "Hex High Entropy String",
        "filename": ".codex/agent_context.json",
        "hashed_secret": "474c22f9c2ac292014bc25620ed81f58273e546a",
        "is_verified": false,
        "line_number": 14
      }
    ],
    "tests/serving/test_inference_enhanced.py": [
      {
        "type": "Secret Keyword",
        "filename": "tests/serving/test_inference_enhanced.py",
        "hashed_secret": "5c5a15a8b0b3e154d77746945e563ba40100681b",
        "is_verified": false,
        "line_number": 40,
        "is_secret": false
      }
    ],
    ".codex/aftermath/pda_iterations.jsonl": [
      {
        "type": "Hex High Entropy String",
        "filename": ".codex/aftermath/pda_iterations.jsonl",
        "hashed_secret": "838e643eb0864d79589596fba595df172bd6a04a",
        "is_verified": false,
        "line_number": 25,
        "is_secret": false
      },
      {
        "type": "Hex High Entropy String",
        "filename": ".codex/aftermath/pda_iterations.jsonl",
        "hashed_secret": "60ebb71e318dedf089b36499ecb7b6f5803661d5",
        "is_verified": false,
        "line_number": 66,
        "is_secret": false
      },
      {
        "type": "Hex High Entropy String",
        "filename": ".codex/aftermath/pda_iterations.jsonl",
        "hashed_secret": "daf0e5624d96839960ea9af6d99e80d5db441efe",
        "is_verified": false,
        "line_number": 70,
        "is_secret": false
      },
      {
        "type": "Hex High Entropy String",
        "filename": ".codex/aftermath/pda_iterations.jsonl",
        "hashed_secret": "4d714ae4cf781d1877ed49b5e0b2aeb4e3f12fad",
        "is_verified": false,
        "line_number": 81,
        "is_secret": false
      },
      {
        "type": "Hex High Entropy String",
        "filename": ".codex/aftermath/pda_iterations.jsonl",
        "hashed_secret": "61064a9411da4e7ab63211fb8da589544772fb6e",
        "is_verified": false,
        "line_number": 138,
        "is_secret": false
      }
    ],
    ".codex/evidence/archive_ops.jsonl": [
      {
        "type": "Hex High Entropy String",
        "filename": ".codex/evidence/archive_ops.jsonl",
        "hashed_secret": "9adcbabd0741f341f938d2087f41ccfb65bf858d",
        "is_verified": false,
        "line_number": 1
      },
      {
        "type": "Hex High Entropy String",
        "filename": ".codex/evidence/archive_ops.jsonl",
        "hashed_secret": "49ffe0e5ef3d260827fae91e2a2ef0dad9ebcc7f",
        "is_verified": false,
        "line_number": 2
      },
      {
        "type": "Hex High Entropy String",
        "filename": ".codex/evidence/archive_ops.jsonl",
        "hashed_secret": "a096131840cd301f365c80e5ca4aeb23de2eac5a",
        "is_verified": false,
        "line_number": 3
      },
      {
        "type": "Hex High Entropy String",
        "filename": ".codex/evidence/archive_ops.jsonl",
        "hashed_secret": "b315280727171960db23b718fa78a009e25283db",
        "is_verified": false,
        "line_number": 4
      },
      {
        "type": "Hex High Entropy String",
        "filename": ".codex/evidence/archive_ops.jsonl",
        "hashed_secret": "35c0e383e7308f94927d2d7a916f9115c6f69bed",
        "is_verified": false,
        "line_number": 5
      },
      {
        "type": "Hex High Entropy String",
        "filename": ".codex/evidence/archive_ops.jsonl",
        "hashed_secret": "138ac94241782e5fea535299c7cab85dc6dd04bb",
        "is_verified": false,
        "line_number": 6
      },
      {
        "type": "Hex High Entropy String",
        "filename": ".codex/evidence/archive_ops.jsonl",
        "hashed_secret": "c0546cad91c3f8417ffc9c7a3ee6c9699917abd5",
        "is_verified": false,
        "line_number": 7
      },
      {
        "type": "Hex High Entropy String",
        "filename": ".codex/evidence/archive_ops.jsonl",
        "hashed_secret": "ded20d89ac629790b9542b4f33784ce249266cdd",
        "is_verified": false,
        "line_number": 8
      },
      {
        "type": "Hex High Entropy String",
        "filename": ".codex/evidence/archive_ops.jsonl",
        "hashed_secret": "ffec98a7290646e5098ff31c53abf5f9e2c1da62",
        "is_verified": false,
        "line_number": 9
      },
      {
        "type": "Hex High Entropy String",
        "filename": ".codex/evidence/archive_ops.jsonl",
        "hashed_secret": "70abc5cdf33d11734afb10cfee30685a1d65444b",
        "is_verified": false,
        "line_number": 10
      },
      {
        "type": "Hex High Entropy String",
        "filename": ".codex/evidence/archive_ops.jsonl",
        "hashed_secret": "6a3f0e9a8ec545210f34911005c1b07c8e65ae2d",
        "is_verified": false,
        "line_number": 12
      },
      {
        "type": "Hex High Entropy String",
        "filename": ".codex/evidence/archive_ops.jsonl",
        "hashed_secret": "7c52fecc757df55d080b10ac5641b41029ae54a9",
        "is_verified": false,
        "line_number": 14
      },
      {
        "type": "Hex High Entropy String",
        "filename": ".codex/evidence/archive_ops.jsonl",
        "hashed_secret": "762ca44d307d83f099cea790d3bd7082978083ad",
        "is_verified": false,
        "line_number": 16
      },
      {
        "type": "Hex High Entropy String",
        "filename": ".codex/evidence/archive_ops.jsonl",
        "hashed_secret": "07d3a46354b09ef77057d81064f51e03f59a6258",
        "is_verified": false,
        "line_number": 18
      },
      {
        "type": "Hex High Entropy String",
        "filename": ".codex/evidence/archive_ops.jsonl",
        "hashed_secret": "1fcd8fdefe8fb82428956820906ed4351745e26b",
        "is_verified": false,
        "line_number": 20
      },
      {
        "type": "Hex High Entropy String",
        "filename": ".codex/evidence/archive_ops.jsonl",
        "hashed_secret": "816202d13f88070dba6a3637b8f124178b8ac26c",
        "is_verified": false,
        "line_number": 22
      },
      {
        "type": "Hex High Entropy String",
        "filename": ".codex/evidence/archive_ops.jsonl",
        "hashed_secret": "7954cd4f45eb1b7a79f0f4c62dd85f5e6efa4d38",
        "is_verified": false,
        "line_number": 24
      },
      {
        "type": "Hex High Entropy String",
        "filename": ".codex/evidence/archive_ops.jsonl",
        "hashed_secret": "f29742096924b47423e4e052f6e8fbcdb1282ca1",
        "is_verified": false,
        "line_number": 26
      },
      {
        "type": "Hex High Entropy String",
        "filename": ".codex/evidence/archive_ops.jsonl",
        "hashed_secret": "0941f0af30d61a91c0ffcae70deb1047cd0168eb",
        "is_verified": false,
        "line_number": 28
      },
      {
        "type": "Hex High Entropy String",
        "filename": ".codex/evidence/archive_ops.jsonl",
        "hashed_secret": "31617a5dfd111eed5fa5c9450cac97e0fa7a9050",
        "is_verified": false,
        "line_number": 31
      },
      {
        "type": "Hex High Entropy String",
        "filename": ".codex/evidence/archive_ops.jsonl",
        "hashed_secret": "5680c27c13223b6509fbd8e8127d33461940afb5",
        "is_verified": false,
        "line_number": 32
      },
      {
        "type": "Hex High Entropy String",
        "filename": ".codex/evidence/archive_ops.jsonl",
        "hashed_secret": "bfad96179bc0486edc49cc225041988e7b57b43b",
        "is_verified": false,
        "line_number": 32
      },
      {
        "type": "Hex High Entropy String",
        "filename": ".codex/evidence/archive_ops.jsonl",
        "hashed_secret": "bca82a7252d2d051a31581b9317739467b0134d7",
        "is_verified": false,
        "line_number": 33
      },
      {
        "type": "Hex High Entropy String",
        "filename": ".codex/evidence/archive_ops.jsonl",
        "hashed_secret": "605bca6b9a231c6c0ab625f32e322ed0a0b8d642",
        "is_verified": false,
        "line_number": 35
      },
      {
        "type": "Hex High Entropy String",
        "filename": ".codex/evidence/archive_ops.jsonl",
        "hashed_secret": "4ec7af08f5f4d05ecc5cf4b20e457a98a09ca456",
        "is_verified": false,
        "line_number": 37
      },
      {
        "type": "Hex High Entropy String",
        "filename": ".codex/evidence/archive_ops.jsonl",
        "hashed_secret": "d0643abb54536618dde10349e8620cbd51cc61f4",
        "is_verified": false,
        "line_number": 40
      },
      {
        "type": "Hex High Entropy String",
        "filename": ".codex/evidence/archive_ops.jsonl",
        "hashed_secret": "99d010fa7dab523cf09142dfa71924f4f3030919",
        "is_verified": false,
        "line_number": 52
      },
      {
        "type": "Hex High Entropy String",
        "filename": ".codex/evidence/archive_ops.jsonl",
        "hashed_secret": "40c771b896b85e34ac0b014bf197b1d6df3b18bf",
        "is_verified": false,
        "line_number": 71
      }
    ],
    "tests/test_token_verification.py": [
      {
        "type": "Secret Keyword",
        "filename": "tests/test_token_verification.py",
        "hashed_secret": "56ae75892e16653709cb0126aaec14c2037e8c00",
        "is_verified": false,
        "line_number": 283
      }
    ]
  },
  "generated_at": "2026-05-09T00:17:08Z"
}
