{
  "version": "1.5.0",
  "plugins_used": [
    {
      "name": "ArtifactoryDetector"
    },
    {
      "name": "AWSKeyDetector"
    },
    {
      "name": "AzureStorageKeyDetector"
    },
    {
      "name": "Base64HighEntropyString",
      "limit": 4.5
    },
    {
      "name": "BasicAuthDetector"
    },
    {
      "name": "CloudantDetector"
    },
    {
      "name": "DiscordBotTokenDetector"
    },
    {
      "name": "GitHubTokenDetector"
    },
    {
      "name": "HexHighEntropyString",
      "limit": 3.0
    },
    {
      "name": "IbmCloudIamDetector"
    },
    {
      "name": "IbmCosHmacDetector"
    },
    {
      "name": "JwtTokenDetector"
    },
    {
      "name": "KeywordDetector",
      "keyword_exclude": ""
    },
    {
      "name": "MailchimpDetector"
    },
    {
      "name": "NpmDetector"
    },
    {
      "name": "PrivateKeyDetector"
    },
    {
      "name": "SendGridDetector"
    },
    {
      "name": "SlackDetector"
    },
    {
      "name": "SoftlayerDetector"
    },
    {
      "name": "SquareOAuthDetector"
    },
    {
      "name": "StripeDetector"
    },
    {
      "name": "TwilioKeyDetector"
    }
  ],
  "filters_used": [
    {
      "path": "detect_secrets.filters.allowlist.is_line_allowlisted"
    },
    {
      "path": "detect_secrets.filters.common.is_baseline_file",
      "filename": ".secrets.baseline"
    },
    {
      "path": "detect_secrets.filters.heuristic.is_indirect_reference"
    },
    {
      "path": "detect_secrets.filters.heuristic.is_likely_id_string"
    },
    {
      "path": "detect_secrets.filters.heuristic.is_lock_file"
    },
    {
      "path": "detect_secrets.filters.heuristic.is_not_alphanumeric_string"
    },
    {
      "path": "detect_secrets.filters.heuristic.is_potential_uuid"
    },
    {
      "path": "detect_secrets.filters.heuristic.is_prefixed_with_dollar_sign"
    },
    {
      "path": "detect_secrets.filters.heuristic.is_sequential_string"
    },
    {
      "path": "detect_secrets.filters.heuristic.is_swagger_file"
    },
    {
      "path": "detect_secrets.filters.heuristic.is_templated_secret"
    }
  ],
  "results": {
    ".codex/agent_context.json": [
      {
        "type": "Hex High Entropy String",
        "filename": ".codex/agent_context.json",
        "hashed_secret": "e9d5133aea91dd67d5ca0e8e36b45fe2ccb5ae0a",
        "is_verified": false,
        "line_number": 14
      }
    ],
    "CODEX_MANIFEST.json": [
      {
        "type": "Hex High Entropy String",
        "filename": "CODEX_MANIFEST.json",
        "hashed_secret": "9177e63fea1329b8ea2c7b18c7becf82ef874af5",
        "is_verified": false,
        "line_number": 1996
      }
    ],
    "tests/test_fast_forward_safe_files.py": [
      {
        "type": "Hex High Entropy String",
        "filename": "tests/test_fast_forward_safe_files.py",
        "hashed_secret": "90bd1b48e958257948487b90bee080ba5ed00caa",
        "is_verified": false,
        "line_number": 134
      }
    ],
    ".codex/aftermath/pda_iterations.jsonl": [
      {
        "type": "Hex High Entropy String",
        "filename": ".codex/aftermath/pda_iterations.jsonl",
        "hashed_secret": "838e643eb0864d79589596fba595df172bd6a04a",
        "is_verified": false,
        "line_number": 25
      }
    ]
  },
  "generated_at": "2026-04-03T00:42:25Z"
}
